// Jest Snapshot v1, https://goo.gl/fbAQLP

exports[`Test Loading component renders correctly 1`] = `
<h4>
  Loading...
</h4>
`;
